FILE_TYPE=LIBRARY_PARTS;
PRIMITIVE 'IHLP6767DZER470M11','IHLP6767DZER470M11_Other';
  PIN
    '1':
      PIN_NUMBER='(1)';
      NO_LOAD_CHECK=BOTH;
      NO_IO_CHECK=BOTH;
      ALLOW_CONNECT=TRUE;
      PINUSE='UNSPEC';
    '2':
      PIN_NUMBER='(2)';
      NO_LOAD_CHECK=BOTH;
      NO_IO_CHECK=BOTH;
      ALLOW_CONNECT=TRUE;
      PINUSE='UNSPEC';
  END_PIN;
  BODY
    PART_NAME='IHLP6767DZER470M11';
    PHYS_DES_PREFIX='L';
    NO_LOAD_CHECK='TRUE';
    PIN_COUNT='2';
    BODY_NAME='IHLP6767DZER470M11';
    JEDEC_TYPE='IHLP6767DZER470M11';
  END_BODY;
END_PRIMITIVE;
END.
