FILE_TYPE=LIBRARY_PARTS;
PRIMITIVE 'NX3225GA_25MHZ_EXS00A_CG06750','NX3225GA_25MHZ_EXS00A_CG06750_Other';
  PIN
    'CRYSTAL_1':
      PIN_NUMBER='(1)';
      NO_LOAD_CHECK=BOTH;
      NO_IO_CHECK=BOTH;
      ALLOW_CONNECT=TRUE;
      PINUSE='UNSPEC';
    'GND_1':
      PIN_NUMBER='(2)';
      NO_LOAD_CHECK=BOTH;
      NO_IO_CHECK=BOTH;
      ALLOW_CONNECT=TRUE;
      PINUSE='UNSPEC';
    'CRYSTAL_2':
      PIN_NUMBER='(3)';
      NO_LOAD_CHECK=BOTH;
      NO_IO_CHECK=BOTH;
      ALLOW_CONNECT=TRUE;
      PINUSE='UNSPEC';
    'GND_2':
      PIN_NUMBER='(4)';
      NO_LOAD_CHECK=BOTH;
      NO_IO_CHECK=BOTH;
      ALLOW_CONNECT=TRUE;
      PINUSE='UNSPEC';
  END_PIN;
  BODY
    PART_NAME='NX3225GA_25MHZ_EXS00A_CG06750';
    PHYS_DES_PREFIX='Y';
    NO_LOAD_CHECK='TRUE';
    PIN_COUNT='4';
    BODY_NAME='NX3225GA_25MHZ_EXS00A_CG06750';
    JEDEC_TYPE='NX3225GA25MHZEXS00ACG06750';
  END_BODY;
END_PRIMITIVE;
END.
